test_all_active_refs_are_local_and_resolvable (test_contract_assets.ContractAssetsTest.test_all_active_refs_are_local_and_resolvable) ... ok
test_api_inventory_matches_paths_methods_and_schemas (test_contract_assets.ContractAssetsTest.test_api_inventory_matches_paths_methods_and_schemas) ... ok
test_authority_csv_matches_registry (test_contract_assets.ContractAssetsTest.test_authority_csv_matches_registry) ... ok
test_cognitive_fixture_kinds_evidence_and_state (test_contract_assets.ContractAssetsTest.test_cognitive_fixture_kinds_evidence_and_state) ... ok
test_every_named_definition_has_a_valid_example (test_contract_assets.ContractAssetsTest.test_every_named_definition_has_a_valid_example) ... ok
test_feedback_silence_and_producer_authority_not_accepted (test_contract_assets.ContractAssetsTest.test_feedback_silence_and_producer_authority_not_accepted) ... ok
test_invalid_examples_are_rejected (test_contract_assets.ContractAssetsTest.test_invalid_examples_are_rejected) ... ok
test_json_files_have_no_duplicate_keys (test_contract_assets.ContractAssetsTest.test_json_files_have_no_duplicate_keys) ... ok
test_mermaid_document_blocks_match_sources (test_contract_assets.ContractAssetsTest.test_mermaid_document_blocks_match_sources) ... ok
test_owner_adoption_preserves_hypothesis_kind (test_contract_assets.ContractAssetsTest.test_owner_adoption_preserves_hypothesis_kind) ... ok
test_requirements_acceptance_and_api_ids_are_consistent (test_contract_assets.ContractAssetsTest.test_requirements_acceptance_and_api_ids_are_consistent) ... ok
test_schema_is_well_formed (test_contract_assets.ContractAssetsTest.test_schema_is_well_formed) ... ok
test_binding_is_order_independent_but_content_sensitive (test_policy_reference.PolicyReferenceTest.test_binding_is_order_independent_but_content_sensitive) ... ok
test_binding_rejects_floats (test_policy_reference.PolicyReferenceTest.test_binding_rejects_floats) ... ok
test_confirmation_never_bypasses_hard_boundaries (test_policy_reference.PolicyReferenceTest.test_confirmation_never_bypasses_hard_boundaries) ... ok
test_deployment_promotion_and_emergency_stop (test_policy_reference.PolicyReferenceTest.test_deployment_promotion_and_emergency_stop) ... ok
test_grant_cannot_include_nondelegable_operation (test_policy_reference.PolicyReferenceTest.test_grant_cannot_include_nondelegable_operation) ... ok
test_grant_collection_is_explicit_not_wildcard (test_policy_reference.PolicyReferenceTest.test_grant_collection_is_explicit_not_wildcard) ... ok
test_grant_rejects_expiry_revocation_and_budget_excess (test_policy_reference.PolicyReferenceTest.test_grant_rejects_expiry_revocation_and_budget_excess) ... ok
test_grant_rejects_scope_destination_and_actor_changes (test_policy_reference.PolicyReferenceTest.test_grant_rejects_scope_destination_and_actor_changes) ... ok
test_narrow_grant_matches_exact_scope (test_policy_reference.PolicyReferenceTest.test_narrow_grant_matches_exact_scope) ... ok
test_reference_does_not_mutate_facts (test_policy_reference.PolicyReferenceTest.test_reference_does_not_mutate_facts) ... ok
test_reported_confidence_does_not_change_authorization (test_policy_reference.PolicyReferenceTest.test_reported_confidence_does_not_change_authorization) ... ok
test_reviewed_gate_scenarios (test_policy_reference.PolicyReferenceTest.test_reviewed_gate_scenarios) ... ok
test_unknown_stage_is_fail_closed (test_policy_reference.PolicyReferenceTest.test_unknown_stage_is_fail_closed) ... ok
test_adopted_content_cannot_launder_lineage (test_prediction_reference.DependencyIsolationReferenceTest.test_adopted_content_cannot_launder_lineage) ... ok
test_dependency_cycle_is_rejected (test_prediction_reference.DependencyIsolationReferenceTest.test_dependency_cycle_is_rejected) ... ok
test_disabled_prediction_leaves_core_usable (test_prediction_reference.DependencyIsolationReferenceTest.test_disabled_prediction_leaves_core_usable) ... ok
test_enabled_valid_closure_can_be_eligible (test_prediction_reference.DependencyIsolationReferenceTest.test_enabled_valid_closure_can_be_eligible) ... ok
test_independent_revalidation_needs_new_node (test_prediction_reference.DependencyIsolationReferenceTest.test_independent_revalidation_needs_new_node) ... ok
test_missing_dependency_is_not_implicitly_valid (test_prediction_reference.DependencyIsolationReferenceTest.test_missing_dependency_is_not_implicitly_valid) ... ok
test_permission_closure_is_enforced (test_prediction_reference.DependencyIsolationReferenceTest.test_permission_closure_is_enforced) ... ok
test_quality_is_never_permission (test_prediction_reference.DependencyIsolationReferenceTest.test_quality_is_never_permission) ... ok
test_raw_outcome_source_is_independent (test_prediction_reference.DependencyIsolationReferenceTest.test_raw_outcome_source_is_independent) ... ok
test_stale_input_blocks_descendants (test_prediction_reference.DependencyIsolationReferenceTest.test_stale_input_blocks_descendants) ... ok
test_transitive_contributions_are_blocked (test_prediction_reference.DependencyIsolationReferenceTest.test_transitive_contributions_are_blocked) ... ok
test_after_start_is_not_prospective (test_prediction_reference.PredictionReferenceTest.test_after_start_is_not_prospective) ... ok
test_ambiguous_matching_not_scored (test_prediction_reference.PredictionReferenceTest.test_ambiguous_matching_not_scored) ... ok
test_backdated_client_cutoff_is_not_authoritative (test_prediction_reference.PredictionReferenceTest.test_backdated_client_cutoff_is_not_authoritative) ... ok
test_changed_conditions_not_scored (test_prediction_reference.PredictionReferenceTest.test_changed_conditions_not_scored) ... ok
test_conflicting_independent_outcomes (test_prediction_reference.PredictionReferenceTest.test_conflicting_independent_outcomes) ... ok
test_corrected_dependency_blocks_old_evaluation (test_prediction_reference.PredictionReferenceTest.test_corrected_dependency_blocks_old_evaluation) ... ok
test_disabled_experiment_does_not_evaluate (test_prediction_reference.PredictionReferenceTest.test_disabled_experiment_does_not_evaluate) ... ok
test_duplicates_not_extra_trials (test_prediction_reference.PredictionReferenceTest.test_duplicates_not_extra_trials) ... ok
test_evaluation_only_creates_revision_proposal (test_prediction_reference.PredictionReferenceTest.test_evaluation_only_creates_revision_proposal) ... ok
test_forecast_is_immutable (test_prediction_reference.PredictionReferenceTest.test_forecast_is_immutable) ... ok
test_future_context_is_rejected (test_prediction_reference.PredictionReferenceTest.test_future_context_is_rejected) ... ok
test_future_observation_not_scored (test_prediction_reference.PredictionReferenceTest.test_future_observation_not_scored) ... ok
test_negative_before_window_ends_is_unknown (test_prediction_reference.PredictionReferenceTest.test_negative_before_window_ends_is_unknown) ... ok
test_negative_full_window_after_end (test_prediction_reference.PredictionReferenceTest.test_negative_full_window_after_end) ... ok
test_negative_requires_full_window (test_prediction_reference.PredictionReferenceTest.test_negative_requires_full_window) ... ok
test_no_evidence_is_not_observation (test_prediction_reference.PredictionReferenceTest.test_no_evidence_is_not_observation) ... ok
test_non_observed_states_are_not_scored (test_prediction_reference.PredictionReferenceTest.test_non_observed_states_are_not_scored) ... ok
test_other_case_does_not_match (test_prediction_reference.PredictionReferenceTest.test_other_case_does_not_match) ... ok
test_positive_brier (test_prediction_reference.PredictionReferenceTest.test_positive_brier) ... ok
test_positive_end_boundary_exclusive (test_prediction_reference.PredictionReferenceTest.test_positive_end_boundary_exclusive) ... ok
test_probability_range_and_finite (test_prediction_reference.PredictionReferenceTest.test_probability_range_and_finite) ... ok
test_qualitative_is_not_numeric_probability (test_prediction_reference.PredictionReferenceTest.test_qualitative_is_not_numeric_probability) ... ok
test_replay_score_is_not_prospective_metric (test_prediction_reference.PredictionReferenceTest.test_replay_score_is_not_prospective_metric) ... ok
test_rule_cannot_be_changed_after_outcome (test_prediction_reference.PredictionReferenceTest.test_rule_cannot_be_changed_after_outcome) ... ok
test_timezone_required (test_prediction_reference.PredictionReferenceTest.test_timezone_required) ... ok
test_unobserved_is_not_failure (test_prediction_reference.PredictionReferenceTest.test_unobserved_is_not_failure) ... ok
test_valid_prospective_forecast (test_prediction_reference.PredictionReferenceTest.test_valid_prospective_forecast) ... ok
test_acceptance_and_task_tags_exist (test_v04_assets.V04AssetsTest.test_acceptance_and_task_tags_exist) ... ok
test_active_api_uses_contract_three (test_v04_assets.V04AssetsTest.test_active_api_uses_contract_three) ... ok
test_all_features_have_unique_ids_and_known_tiers (test_v04_assets.V04AssetsTest.test_all_features_have_unique_ids_and_known_tiers) ... ok
test_all_noncore_features_are_off_by_default (test_v04_assets.V04AssetsTest.test_all_noncore_features_are_off_by_default) ... ok
test_archive_matches_original_digest (test_v04_assets.V04AssetsTest.test_archive_matches_original_digest) ... ok
test_assessment_cannot_issue_authority (test_v04_assets.V04AssetsTest.test_assessment_cannot_issue_authority) ... ok
test_core_features_never_depend_on_experiments (test_v04_assets.V04AssetsTest.test_core_features_never_depend_on_experiments) ... ok
test_core_task_completion_does_not_require_prediction (test_v04_assets.V04AssetsTest.test_core_task_completion_does_not_require_prediction) ... ok
test_evaluation_does_not_mutate_schema (test_v04_assets.V04AssetsTest.test_evaluation_does_not_mutate_schema) ... ok
test_feature_dependency_graph_is_acyclic (test_v04_assets.V04AssetsTest.test_feature_dependency_graph_is_acyclic) ... ok
test_feature_enable_requires_confirmation (test_v04_assets.V04AssetsTest.test_feature_enable_requires_confirmation) ... ok
test_forecaster_cannot_supply_its_own_seal (test_v04_assets.V04AssetsTest.test_forecaster_cannot_supply_its_own_seal) ... ok
test_model_role_needs_explicit_scope (test_v04_assets.V04AssetsTest.test_model_role_needs_explicit_scope) ... ok
test_observed_outcome_requires_evidence (test_v04_assets.V04AssetsTest.test_observed_outcome_requires_evidence) ... ok
test_outcome_writer_cannot_assert_verified_matching (test_v04_assets.V04AssetsTest.test_outcome_writer_cannot_assert_verified_matching) ... ok
test_prediction_case_id_and_score_consistency (test_v04_assets.V04AssetsTest.test_prediction_case_id_and_score_consistency) ... ok
test_prediction_is_optional_accepted_and_off (test_v04_assets.V04AssetsTest.test_prediction_is_optional_accepted_and_off) ... ok
test_registry_and_api_authority_map_are_complete (test_v04_assets.V04AssetsTest.test_registry_and_api_authority_map_are_complete) ... ok
test_required_features_are_core_derived_metadata (test_v04_assets.V04AssetsTest.test_required_features_are_core_derived_metadata) ... ok
test_schema_keeps_principle_and_unclassified_roles (test_v04_assets.V04AssetsTest.test_schema_keeps_principle_and_unclassified_roles) ... ok
test_task_dependency_order_is_valid (test_v04_assets.V04AssetsTest.test_task_dependency_order_is_valid) ... ok
test_task_ids_and_read_files_are_resolvable (test_v04_assets.V04AssetsTest.test_task_ids_and_read_files_are_resolvable) ... ok
test_adoption_cannot_rewrite_payload_or_origin_in_same_version (test_w30_02_state_axes.StateAxesTest.test_adoption_cannot_rewrite_payload_or_origin_in_same_version) ... ok
test_published_wire_constraints_are_unchanged (test_w30_02_state_axes.StateAxesTest.test_published_wire_constraints_are_unchanged) ... ok
test_reference_current_state_overrides_adoption_and_confidence (test_w30_02_state_axes.StateAxesTest.test_reference_current_state_overrides_adoption_and_confidence) ... ok
test_review_examples_preserve_origin_content_and_dependencies (test_w30_02_state_axes.StateAxesTest.test_review_examples_preserve_origin_content_and_dependencies) ... ok
test_review_lifecycle_and_recording_lane_are_independent_shapes (test_w30_02_state_axes.StateAxesTest.test_review_lifecycle_and_recording_lane_are_independent_shapes) ... ok
test_schema_cases (test_w30_02_state_axes.StateAxesTest.test_schema_cases) ... ok
test_snapshot_is_version_coordinates_not_state_or_permission (test_w30_02_state_axes.StateAxesTest.test_snapshot_is_version_coordinates_not_state_or_permission) ... ok
test_unknown_and_cross_axis_enum_values_are_rejected (test_w30_02_state_axes.StateAxesTest.test_unknown_and_cross_axis_enum_values_are_rejected) ... ok
test_get_item_rejects_unadopted_response_shapes (test_w30_03_use_conditions.UseConditionsTest.test_get_item_rejects_unadopted_response_shapes) ... ok
test_grade_and_deployment_require_complete_scope (test_w30_03_use_conditions.UseConditionsTest.test_grade_and_deployment_require_complete_scope) ... ok
test_internal_route_example_and_schema_valid_laundering (test_w30_03_use_conditions.UseConditionsTest.test_internal_route_example_and_schema_valid_laundering) ... ok
test_recall_request_does_not_carry_authority (test_w30_03_use_conditions.UseConditionsTest.test_recall_request_does_not_carry_authority) ... ok
test_reference_use_boundaries (test_w30_03_use_conditions.UseConditionsTest.test_reference_use_boundaries) ... ok
test_stage_and_adoption_matrix_for_live_internal_recall (test_w30_03_use_conditions.UseConditionsTest.test_stage_and_adoption_matrix_for_live_internal_recall) ... ok
test_actor_mapping_is_forward_and_identity_bound (test_w30_04_authority_boundary.AuthorityBoundaryTest.test_actor_mapping_is_forward_and_identity_bound) ... ok
test_all_compound_requirements_must_be_present (test_w30_04_authority_boundary.AuthorityBoundaryTest.test_all_compound_requirements_must_be_present) ... ok
test_caller_cannot_be_taken_from_json (test_w30_04_authority_boundary.AuthorityBoundaryTest.test_caller_cannot_be_taken_from_json) ... ok
test_candidate_rejects_authority_self_reports (test_w30_04_authority_boundary.AuthorityBoundaryTest.test_candidate_rejects_authority_self_reports) ... ok
test_reference_model_cannot_adopt_even_with_claimed_confidence (test_w30_04_authority_boundary.AuthorityBoundaryTest.test_reference_model_cannot_adopt_even_with_claimed_confidence) ... ok
test_schema_and_independent_types (test_w30_04_authority_boundary.AuthorityBoundaryTest.test_schema_and_independent_types) ... ok
test_complete_audit_and_explicit_mapping_gaps (test_w30_05_mapping.MappingTest.test_complete_audit_and_explicit_mapping_gaps) ... FAIL
test_csv_json_markdown_all_columns (test_w30_05_mapping.MappingTest.test_csv_json_markdown_all_columns) ... FAIL
test_legacy_bypass_candidates_are_detected_without_app_import (test_w30_05_mapping.MappingTest.test_legacy_bypass_candidates_are_detected_without_app_import) ... ok
test_non_delegable_and_unknown_operations (test_w30_05_mapping.MappingTest.test_non_delegable_and_unknown_operations) ... ok

======================================================================
FAIL: test_complete_audit_and_explicit_mapping_gaps (test_w30_05_mapping.MappingTest.test_complete_audit_and_explicit_mapping_gaps)
----------------------------------------------------------------------
Traceback (most recent call last):
  File "C:\Users\keima\AppData\Local\Temp\4-me-not-W30-05-run-e8b7362888fd4e748f31738224a7a6c1\4-me-not-collab-v0.4\tests\test_w30_05_mapping.py", line 44, in test_complete_audit_and_explicit_mapping_gaps
    self.assertEqual(sum(l.startswith('| '+key+' |') for l in text.splitlines()), 1, key)
AssertionError: 2 != 1 : recall

======================================================================
FAIL: test_csv_json_markdown_all_columns (test_w30_05_mapping.MappingTest.test_csv_json_markdown_all_columns)
----------------------------------------------------------------------
Traceback (most recent call last):
  File "C:\Users\keima\AppData\Local\Temp\4-me-not-W30-05-run-e8b7362888fd4e748f31738224a7a6c1\4-me-not-collab-v0.4\tests\test_w30_05_mapping.py", line 19, in test_csv_json_markdown_all_columns
    self.assertNotIn(cells[0], md)
AssertionError: 'interpretation_generate' unexpectedly found in {'source_import': ['source_import', '原文・メモ受領', 'structure', 'auto', 'recorded', '取得・保管の同意。保存成功と解析成功を分離'], 'capture_start': ['capture_start', '音声取得開始', 'action', 'confirm_or_delegate', 'none', 'OS許可・取得同意・開始表示・対象時間・保持期間'], 'capture_stop': ['capture_stop', '音声取得停止', 'action', 'auto', 'none', '停止を承認待ちにしない。欠落も記録'], 'transcribe_local': ['transcribe_local', '端末内文字起こし', 'structure', 'auto', 'provisional', '原音の読取許可・媒体版・区間を固定'], 'transcribe_remote': ['transcribe_remote', '外部文字起こし', 'structure, action', 'confirm_or_delegate', 'provisional', '外部送信先・目的・原音範囲を許可'], 'boundary_generate': ['boundary_generate', '出来事境界推定', 'structure', 'auto', 'provisional', '原本を分割上書きしない。生成版を残す'], 'episode_group': ['episode_group', 'Episode階層・分割統合の候補', 'structure', 'auto', 'provisional', '任意粒度・循環禁止。本人の境界訂正を維持'], 'embedding_local': ['embedding_local', '端末埋め込み・索引', 'structure', 'auto', 'derived', '同じmodel/dimensionで比較。元と同じACL'], 'embedding_remote': ['embedding_remote', '外部埋め込み', 'structure, action', 'confirm_or_delegate', 'derived', '検索前の索引作成も外部送信。失敗時無断fallback禁止'], 'topic_generate': ['topic_generate', '話題・別名候補', 'structure', 'auto', 'provisional', '敏感な分類と人物同一性を確定しない'], 'semantic_link_generate': ['semantic_link_generate', 'about/related_to等の候補', 'structure', 'auto', 'provisional', 'same_as・因果確定とは別操作'], 'entity_merge': ['entity_merge', '同一人物・同一対象の採用', 'structure, epistemic', 'confirm', 'user_adopted', '類似度で自動mergeしない。差分と影響範囲'], 'gist_generate': ['gist_generate', 'Gist・段階要約', 'structure', 'auto', 'provisional', '条件・否定・不確実性と原文位置を保存'], 'interpretation_generate': ['interpretation_generate', '本人の受け止め方の推測候補', 'structure, epistemic', 'auto', 'provisional', '本人の属性へ自動反映しない。用途上限internal'], 'schema_generate': ['schema_generate', '体験から転用Schema候補', 'structure, epistemic', 'auto', 'provisional', '対応構造・適用条件・反例・根拠を持つ'], 'recall_internal': ['recall_internal', '複数経路の検索・Cue識別', 'structure', 'auto', 'none', '検索対象/内部利用許可。採用済み経路も必ず残す'], 'workspace_build': ['workspace_build', '作業スペースを組み立てる', 'structure', 'auto', 'provisional', '参照版・仮説・不明・操作の検討状態を分離'], 'present_reflection': ['present_reflection', '探索的振り返りの提示', 'attention', 'auto', 'provisional', '提示同意・機微性・目的を判定。仮説ラベル。多様性はこの用途だけ'], 'present_exact': ['present_exact', '日時等の正確な回答提示', 'attention', 'auto', 'recorded', '確かな原文根拠に戻る。表示履歴で正答を減点しない'], 'profile_adopt': ['profile_adopt', '人物属性・価値観・長期目標の採用', 'epistemic', 'confirm', 'user_adopted', '範囲/期限/差分を確認。objective_truthへ変換しない'], 'high_impact_advice': ['high_impact_advice', '高影響な判断への採用', 'epistemic, attention', 'confirm', 'user_adopted', '根拠の詳細検証。不十分なら確認以前に保留'], 'intention_generate': ['intention_generate', '行動・約束の候補', 'structure', 'auto', 'provisional', '候補を通知・外部taskに直結しない'], 'intention_activate': ['intention_activate', '意図をactiveにする', 'epistemic, action', 'confirm_or_delegate', 'active', '委任可は本人の明示行為意図に限定。AI推測は個別確認'], 'notification_schedule': ['notification_schedule', '通知予約', 'attention, action', 'confirm_or_delegate', 'none', 'active intention・通知設定・上限・内容非表示を確認'], 'calendar_create': ['calendar_create', '外部予定を作成', 'action', 'confirm_or_delegate', 'none', '本人の明示意図、日時/zone/対象calendar確定、重複・競合なし'], 'calendar_delete': ['calendar_delete', '予定削除', 'action', 'confirm', 'none', '対象予定と版を確認。日時一致だけで削除しない'], 'external_ai_send': ['external_ai_send', '外部AIへ文脈を送信', 'action', 'confirm_or_delegate', 'none', '宛先・目的・依存元ACL・payloadを固定。プロフィール採用権限は渡さない'], 'message_send': ['message_send', 'メール・他者への連絡/共有', 'attention, action', 'confirm', 'none', '宛先と最終本文を固定した本人意思。包括委任は本版で不可'], 'memory_erase': ['memory_erase', '記憶と指定派生物の消去', 'action', 'confirm', 'none', '削除範囲・復旧限界を提示。利用停止は直ちに、物理処理はjob'], 'feedback_record': ['feedback_record', '本人評価・提示履歴', 'attention', 'auto', 'recorded', 'shown≠helpful。systemによる表示ログと本人評価の主体を分離'], 'learn_candidate': ['learn_candidate', '結合・ranker候補の学習', 'structure, attention', 'auto', 'derived', '学習同意・撤回・manifest。shadow学習は本番へ混ぜない'], 'model_activate': ['model_activate', '学習版/機能利用段階を有効化', 'structure, attention', 'confirm', 'none', '品質・安全・負担評価を通す。false confidenceで代替しない'], 'projection_rebuild': ['projection_rebuild', '表示・索引の再構築', 'structure', 'auto', 'derived', '権限・削除・現在版検証、generation切替は原子的'], 'policy_grant': ['policy_grant', '事前委任・権限拡大', 'action', 'confirm', 'none', '期限・対象・回数/byte上限、本人だけが設定'], 'policy_revoke': ['policy_revoke', '許可・委任の撤回', 'action', 'auto', 'none', '撤回をAI判断や確認待ちで遅らせない'], 'deployment_promote': ['deployment_promote', '機能・生成器・用途の配備昇格', 'structure, attention', 'confirm', 'none', '固定評価と本人確認。未採用仮説の真実化ではない'], 'deployment_suspend': ['deployment_suspend', '配備の停止・緊急差戻し', 'structure', 'auto', 'none', '停止だけ。新たな権限を増やさない。安全装置からも可'], 'prediction_record': ['prediction_record', '事前予測の封印保存', 'structure, epistemic', 'auto', 'provisional', '機能opt-in・配備・未来情報排除。本文/判定基準を結果前に固定'], 'prediction_evaluate': ['prediction_evaluate', '予測と観測の照合評価', 'structure, epistemic', 'auto', 'provisional', '対応・観測窓・欠測・実行条件・独立性を検査。Schemaへ直接適用しない'], 'prediction_audit_read': ['prediction_audit_read', '停止後も可能な予測監査閲覧', 'structure', 'auto', 'recorded', '本人の監査用途のみ。通常想起/外部送信へ混入させない'], 'outcome_record': ['outcome_record', '結果の報告・観測記録', 'structure', 'auto', 'recorded', '予測結果を捏造しない。停止中も原記録/照合待ちを保持し学習しない'], 'quality_assess': ['quality_assess', '根拠/反例/条件/適用範囲の横断点検', 'structure, epistemic', 'auto', 'provisional', '点検結果は助言。続行推奨でGateを迂回しない'], 'counterevidence_search': ['counterevidence_search', '反例と代替説明の探索', 'structure', 'auto', 'provisional', '反例が見つからないことを反例がない証拠にしない。検索予算を分ける'], 'feature_enable': ['feature_enable', '任意機能へのopt-in', 'action', 'confirm', 'none', 'opt-inはShadow開始まで。配備昇格/外部送信は別確認。必須機能を外す操作ではない'], 'feature_disable': ['feature_disable', '任意機能の停止/依存隔離', 'action', 'auto', 'none', '停止を確認待ちにしない。epoch更新と依存利用停止、queue拒否、baselineへ'], 'feature_control_read': ['feature_control_read', '機能状態の表示', 'structure', 'auto', 'recorded', '状態と未実装/停止の理由を明示']}

----------------------------------------------------------------------
Ran 109 tests in 1.967s

FAILED (failures=2)
