test_control_and_snapshot_shapes_do_not_change_registry (test_memory_features.FeatureRegistryTest.test_control_and_snapshot_shapes_do_not_change_registry) ... ok
test_v04_001_three_tiers_and_independent_axes (test_memory_features.FeatureRegistryTest.test_v04_001_three_tiers_and_independent_axes) ... ok
test_v04_002_extension_defaults_and_candidate_rejection (test_memory_features.FeatureRegistryTest.test_v04_002_extension_defaults_and_candidate_rejection) ... ok
test_v04_004_core_import_boundary_with_negative_fixture (test_memory_features.FeatureRegistryTest.test_v04_004_core_import_boundary_with_negative_fixture) ... ok
test_v04_004_core_requires_no_experimental_or_study (test_memory_features.FeatureRegistryTest.test_v04_004_core_requires_no_experimental_or_study) ... ok
test_v04_004_optional_composition_starts_without_prediction (test_memory_features.FeatureRegistryTest.test_v04_004_optional_composition_starts_without_prediction) ... ok
test_v04_004_unknown_feature_tier_duplicate_and_cycle (test_memory_features.FeatureRegistryTest.test_v04_004_unknown_feature_tier_duplicate_and_cycle) ... ok
test_v04_035_study_cannot_enter_live (test_memory_features.FeatureRegistryTest.test_v04_035_study_cannot_enter_live) ... ok
test_all_roles_positive_and_negative (test_schema_roles.SchemaRolesTest.test_all_roles_positive_and_negative) ... ok
test_direct_principle_and_missing_model_scope (test_schema_roles.SchemaRolesTest.test_direct_principle_and_missing_model_scope) ... ok
test_explicit_legacy_map_preserves_id_text_and_fields (test_schema_roles.SchemaRolesTest.test_explicit_legacy_map_preserves_id_text_and_fields) ... ok
test_new_fields_or_reverse_migration_are_not_silently_accepted (test_schema_roles.SchemaRolesTest.test_new_fields_or_reverse_migration_are_not_silently_accepted) ... ok
test_unknown_time_and_invalid_time_shape (test_schema_roles.SchemaRolesTest.test_unknown_time_and_invalid_time_shape) ... ok
test_auto_001_input_and_snapshot_mutations_do_not_change_raw (test_source_evidence.SourceEvidenceTest.test_auto_001_input_and_snapshot_mutations_do_not_change_raw) ... ok
test_auto_001_multilingual_exact_utf8_roundtrip (test_source_evidence.SourceEvidenceTest.test_auto_001_multilingual_exact_utf8_roundtrip) ... ok
test_composite_source_message_and_vault_boundary (test_source_evidence.SourceEvidenceTest.test_composite_source_message_and_vault_boundary) ... ok
test_contract_two_and_relabelled_source_are_rejected (test_source_evidence.SourceEvidenceTest.test_contract_two_and_relabelled_source_are_rejected) ... ok
test_core_source_has_no_prediction_import (test_source_evidence.SourceEvidenceTest.test_core_source_has_no_prediction_import) ... ok
test_explicit_selection_resolves_duplicate_without_picking_first (test_source_evidence.SourceEvidenceTest.test_explicit_selection_resolves_duplicate_without_picking_first) ... ok
test_integral_json_offsets_and_nonintegral_rejection (test_source_evidence.SourceEvidenceTest.test_integral_json_offsets_and_nonintegral_rejection) ... ok
test_invalid_byte_boundaries_ranges_and_quote (test_source_evidence.SourceEvidenceTest.test_invalid_byte_boundaries_ranges_and_quote) ... ok
test_media_union_shape_only_and_unknown_locator (test_source_evidence.SourceEvidenceTest.test_media_union_shape_only_and_unknown_locator) ... ok
test_new_version_refs_are_shapes_not_media_or_existence_proof (test_source_evidence.SourceEvidenceTest.test_new_version_refs_are_shapes_not_media_or_existence_proof) ... ok
test_no_normalization_or_newline_replacement (test_source_evidence.SourceEvidenceTest.test_no_normalization_or_newline_replacement) ... ok
test_non_utf8_surrogate_is_rejected_without_raw_exception (test_source_evidence.SourceEvidenceTest.test_non_utf8_surrogate_is_rejected_without_raw_exception) ... ok
test_zero_and_multiple_matches_including_overlaps (test_source_evidence.SourceEvidenceTest.test_zero_and_multiple_matches_including_overlaps) ... ok
test_auto_001_analysis_failure_and_later_result_link_preserve_raw (test_source_storage.SourceStorageTest.test_auto_001_analysis_failure_and_later_result_link_preserve_raw) ... ok
test_auto_015_changed_request_same_key_is_conflict (test_source_storage.SourceStorageTest.test_auto_015_changed_request_same_key_is_conflict) ... ok
test_auto_015_partial_failure_rolls_back_source_and_receipt (test_source_storage.SourceStorageTest.test_auto_015_partial_failure_rolls_back_source_and_receipt) ... ok
test_auto_015_same_request_replay_preserves_id_time_text (test_source_storage.SourceStorageTest.test_auto_015_same_request_replay_preserves_id_time_text) ... ok
test_auto_015_vault_caller_and_operation_key_isolation (test_source_storage.SourceStorageTest.test_auto_015_vault_caller_and_operation_key_isolation) ... ok
test_auto_019_replay_and_get_recheck_current_access_and_erasure (test_source_storage.SourceStorageTest.test_auto_019_replay_and_get_recheck_current_access_and_erasure) ... ok
test_read_and_request_are_detached_copies (test_source_storage.SourceStorageTest.test_read_and_request_are_detached_copies) ... ok
test_unconnected_authorization_denies_without_saving (test_source_storage.SourceStorageTest.test_unconnected_authorization_denies_without_saving) ... ok
test_v3_provenance_and_source_integrity_boundary (test_source_storage.SourceStorageTest.test_v3_provenance_and_source_integrity_boundary) ... ok

----------------------------------------------------------------------
Ran 35 tests in 4.471s

OK
