test_atomic_commit_revision_current_receipt_and_snapshot_roundtrip (test_content_ledger.ContentLedgerTest.test_atomic_commit_revision_current_receipt_and_snapshot_roundtrip) ... ok
test_auto_015_identical_replay_and_different_plan_conflict (test_content_ledger.ContentLedgerTest.test_auto_015_identical_replay_and_different_plan_conflict) ... ok
test_auto_019_erasure_rejects_commit_history_and_receipt_replay (test_content_ledger.ContentLedgerTest.test_auto_019_erasure_rejects_commit_history_and_receipt_replay) ... ok
test_auto_032_unrelated_derivation_and_operation_leave_head_unchanged (test_content_ledger.ContentLedgerTest.test_auto_032_unrelated_derivation_and_operation_leave_head_unchanged) ... ok
test_current_item_uses_latest_vault_head_but_keeps_its_revision (test_content_ledger.ContentLedgerTest.test_current_item_uses_latest_vault_head_but_keeps_its_revision) ... ok
test_feature_epoch_is_preserved_and_is_not_content_head (test_content_ledger.ContentLedgerTest.test_feature_epoch_is_preserved_and_is_not_content_head) ... ok
test_invalid_parent_missing_head_and_self_parent_fail (test_content_ledger.ContentLedgerTest.test_invalid_parent_missing_head_and_self_parent_fail) ... ok
test_new_storage_modules_never_import_fake_db_or_prediction (test_content_ledger.ContentLedgerTest.test_new_storage_modules_never_import_fake_db_or_prediction) ... ok
test_other_vault_and_mismatched_transaction_port_rejected (test_content_ledger.ContentLedgerTest.test_other_vault_and_mismatched_transaction_port_rejected) ... ok
test_partial_snapshot_and_double_initialization_are_rejected (test_content_ledger.ContentLedgerTest.test_partial_snapshot_and_double_initialization_are_rejected) ... ok
test_revision_parent_chain_is_atomic_with_ledger_parent_chain (test_content_ledger.ContentLedgerTest.test_revision_parent_chain_is_atomic_with_ledger_parent_chain) ... ok
test_rollback_at_every_write_boundary_and_commit_failure (test_content_ledger.ContentLedgerTest.test_rollback_at_every_write_boundary_and_commit_failure) ... ok
test_same_head_two_concurrent_commits_only_one_succeeds (test_content_ledger.ContentLedgerTest.test_same_head_two_concurrent_commits_only_one_succeeds) ... ok
test_unconnected_authorization_and_invalidation_abort (test_content_ledger.ContentLedgerTest.test_unconnected_authorization_and_invalidation_abort) ... ok
test_control_and_snapshot_shapes_do_not_change_registry (test_memory_features.FeatureRegistryTest.test_control_and_snapshot_shapes_do_not_change_registry) ... ok
test_v04_001_three_tiers_and_independent_axes (test_memory_features.FeatureRegistryTest.test_v04_001_three_tiers_and_independent_axes) ... ok
test_v04_002_extension_defaults_and_candidate_rejection (test_memory_features.FeatureRegistryTest.test_v04_002_extension_defaults_and_candidate_rejection) ... ok
test_v04_004_core_import_boundary_with_negative_fixture (test_memory_features.FeatureRegistryTest.test_v04_004_core_import_boundary_with_negative_fixture) ... ok
test_v04_004_core_requires_no_experimental_or_study (test_memory_features.FeatureRegistryTest.test_v04_004_core_requires_no_experimental_or_study) ... ok
test_v04_004_optional_composition_starts_without_prediction (test_memory_features.FeatureRegistryTest.test_v04_004_optional_composition_starts_without_prediction) ... ok
test_v04_004_unknown_feature_tier_duplicate_and_cycle (test_memory_features.FeatureRegistryTest.test_v04_004_unknown_feature_tier_duplicate_and_cycle) ... ok
test_v04_035_study_cannot_enter_live (test_memory_features.FeatureRegistryTest.test_v04_035_study_cannot_enter_live) ... ok
test_additional_dependencies_missing_bad_or_unresolved (test_memory_revisions.MemoryRevisionsTest.test_additional_dependencies_missing_bad_or_unresolved) ... ok
test_auto_008_history_and_current_are_separate_and_origin_is_preserved (test_memory_revisions.MemoryRevisionsTest.test_auto_008_history_and_current_are_separate_and_origin_is_preserved) ... ok
test_auto_019_erasure_blocks_past_and_current (test_memory_revisions.MemoryRevisionsTest.test_auto_019_erasure_blocks_past_and_current) ... ok
test_current_update_failure_rolls_back_immutable_revision (test_memory_revisions.MemoryRevisionsTest.test_current_update_failure_rolls_back_immutable_revision) ... ok
test_dependency_marks_roundtrip_and_empty_self_claim_is_not_trusted (test_memory_revisions.MemoryRevisionsTest.test_dependency_marks_roundtrip_and_empty_self_claim_is_not_trusted) ... ok
test_evidence_mismatch_and_other_source_are_rejected (test_memory_revisions.MemoryRevisionsTest.test_evidence_mismatch_and_other_source_are_rejected) ... ok
test_missing_current_cannot_reset_an_existing_chain (test_memory_revisions.MemoryRevisionsTest.test_missing_current_cannot_reset_an_existing_chain) ... ok
test_missing_other_vault_missing_current_and_old_reference (test_memory_revisions.MemoryRevisionsTest.test_missing_other_vault_missing_current_and_old_reference) ... ok
test_parent_current_and_item_reference_integrity (test_memory_revisions.MemoryRevisionsTest.test_parent_current_and_item_reference_integrity) ... ok
test_provisional_and_unconnected_approval_are_rejected (test_memory_revisions.MemoryRevisionsTest.test_provisional_and_unconnected_approval_are_rejected) ... ok
test_unconnected_dependency_port_holds_even_empty_claim (test_memory_revisions.MemoryRevisionsTest.test_unconnected_dependency_port_holds_even_empty_claim) ... ok
test_all_roles_positive_and_negative (test_schema_roles.SchemaRolesTest.test_all_roles_positive_and_negative) ... ok
test_direct_principle_and_missing_model_scope (test_schema_roles.SchemaRolesTest.test_direct_principle_and_missing_model_scope) ... ok
test_explicit_legacy_map_preserves_id_text_and_fields (test_schema_roles.SchemaRolesTest.test_explicit_legacy_map_preserves_id_text_and_fields) ... ok
test_new_fields_or_reverse_migration_are_not_silently_accepted (test_schema_roles.SchemaRolesTest.test_new_fields_or_reverse_migration_are_not_silently_accepted) ... ok
test_unknown_time_and_invalid_time_shape (test_schema_roles.SchemaRolesTest.test_unknown_time_and_invalid_time_shape) ... ok
test_auto_001_input_and_snapshot_mutations_do_not_change_raw (test_source_evidence.SourceEvidenceTest.test_auto_001_input_and_snapshot_mutations_do_not_change_raw) ... ok
test_auto_001_multilingual_exact_utf8_roundtrip (test_source_evidence.SourceEvidenceTest.test_auto_001_multilingual_exact_utf8_roundtrip) ... ok
test_composite_source_message_and_vault_boundary (test_source_evidence.SourceEvidenceTest.test_composite_source_message_and_vault_boundary) ... ok
test_contract_two_and_relabelled_source_are_rejected (test_source_evidence.SourceEvidenceTest.test_contract_two_and_relabelled_source_are_rejected) ... ok
test_core_source_has_no_prediction_import (test_source_evidence.SourceEvidenceTest.test_core_source_has_no_prediction_import) ... ok
test_explicit_selection_resolves_duplicate_without_picking_first (test_source_evidence.SourceEvidenceTest.test_explicit_selection_resolves_duplicate_without_picking_first) ... ok
test_integral_json_offsets_and_nonintegral_rejection (test_source_evidence.SourceEvidenceTest.test_integral_json_offsets_and_nonintegral_rejection) ... ok
test_invalid_byte_boundaries_ranges_and_quote (test_source_evidence.SourceEvidenceTest.test_invalid_byte_boundaries_ranges_and_quote) ... ok
test_media_union_shape_only_and_unknown_locator (test_source_evidence.SourceEvidenceTest.test_media_union_shape_only_and_unknown_locator) ... ok
test_new_version_refs_are_shapes_not_media_or_existence_proof (test_source_evidence.SourceEvidenceTest.test_new_version_refs_are_shapes_not_media_or_existence_proof) ... ok
test_no_normalization_or_newline_replacement (test_source_evidence.SourceEvidenceTest.test_no_normalization_or_newline_replacement) ... ok
test_non_utf8_surrogate_is_rejected_without_raw_exception (test_source_evidence.SourceEvidenceTest.test_non_utf8_surrogate_is_rejected_without_raw_exception) ... ok
test_zero_and_multiple_matches_including_overlaps (test_source_evidence.SourceEvidenceTest.test_zero_and_multiple_matches_including_overlaps) ... ok
test_auto_001_analysis_failure_and_later_result_link_preserve_raw (test_source_storage.SourceStorageTest.test_auto_001_analysis_failure_and_later_result_link_preserve_raw) ... ok
test_auto_015_changed_request_same_key_is_conflict (test_source_storage.SourceStorageTest.test_auto_015_changed_request_same_key_is_conflict) ... ok
test_auto_015_partial_failure_rolls_back_source_and_receipt (test_source_storage.SourceStorageTest.test_auto_015_partial_failure_rolls_back_source_and_receipt) ... ok
test_auto_015_same_request_replay_preserves_id_time_text (test_source_storage.SourceStorageTest.test_auto_015_same_request_replay_preserves_id_time_text) ... ok
test_auto_015_vault_caller_and_operation_key_isolation (test_source_storage.SourceStorageTest.test_auto_015_vault_caller_and_operation_key_isolation) ... ok
test_auto_019_replay_and_get_recheck_current_access_and_erasure (test_source_storage.SourceStorageTest.test_auto_019_replay_and_get_recheck_current_access_and_erasure) ... ok
test_read_and_request_are_detached_copies (test_source_storage.SourceStorageTest.test_read_and_request_are_detached_copies) ... ok
test_unconnected_authorization_denies_without_saving (test_source_storage.SourceStorageTest.test_unconnected_authorization_denies_without_saving) ... ok
test_v3_provenance_and_source_integrity_boundary (test_source_storage.SourceStorageTest.test_v3_provenance_and_source_integrity_boundary) ... ok

----------------------------------------------------------------------
Ran 60 tests in 15.097s

OK
