test_all_active_refs_are_local_and_resolvable (test_contract_assets.ContractAssetsTest.test_all_active_refs_are_local_and_resolvable) ... ok
test_api_inventory_matches_paths_methods_and_schemas (test_contract_assets.ContractAssetsTest.test_api_inventory_matches_paths_methods_and_schemas) ... ok
test_authority_csv_matches_registry (test_contract_assets.ContractAssetsTest.test_authority_csv_matches_registry) ... ok
test_cognitive_fixture_kinds_evidence_and_state (test_contract_assets.ContractAssetsTest.test_cognitive_fixture_kinds_evidence_and_state) ... ok
test_every_named_definition_has_a_valid_example (test_contract_assets.ContractAssetsTest.test_every_named_definition_has_a_valid_example) ... ok
test_feedback_silence_and_producer_authority_not_accepted (test_contract_assets.ContractAssetsTest.test_feedback_silence_and_producer_authority_not_accepted) ... ok
test_invalid_examples_are_rejected (test_contract_assets.ContractAssetsTest.test_invalid_examples_are_rejected) ... ok
test_json_files_have_no_duplicate_keys (test_contract_assets.ContractAssetsTest.test_json_files_have_no_duplicate_keys) ... ok
test_mermaid_document_blocks_match_sources (test_contract_assets.ContractAssetsTest.test_mermaid_document_blocks_match_sources) ... ok
test_owner_adoption_preserves_hypothesis_kind (test_contract_assets.ContractAssetsTest.test_owner_adoption_preserves_hypothesis_kind) ... ok
test_requirements_acceptance_and_api_ids_are_consistent (test_contract_assets.ContractAssetsTest.test_requirements_acceptance_and_api_ids_are_consistent) ... ok
test_schema_is_well_formed (test_contract_assets.ContractAssetsTest.test_schema_is_well_formed) ... ok
test_binding_is_order_independent_but_content_sensitive (test_policy_reference.PolicyReferenceTest.test_binding_is_order_independent_but_content_sensitive) ... ok
test_binding_rejects_floats (test_policy_reference.PolicyReferenceTest.test_binding_rejects_floats) ... ok
test_confirmation_never_bypasses_hard_boundaries (test_policy_reference.PolicyReferenceTest.test_confirmation_never_bypasses_hard_boundaries) ... ok
test_deployment_promotion_and_emergency_stop (test_policy_reference.PolicyReferenceTest.test_deployment_promotion_and_emergency_stop) ... ok
test_grant_cannot_include_nondelegable_operation (test_policy_reference.PolicyReferenceTest.test_grant_cannot_include_nondelegable_operation) ... ok
test_grant_collection_is_explicit_not_wildcard (test_policy_reference.PolicyReferenceTest.test_grant_collection_is_explicit_not_wildcard) ... ok
test_grant_rejects_expiry_revocation_and_budget_excess (test_policy_reference.PolicyReferenceTest.test_grant_rejects_expiry_revocation_and_budget_excess) ... ok
test_grant_rejects_scope_destination_and_actor_changes (test_policy_reference.PolicyReferenceTest.test_grant_rejects_scope_destination_and_actor_changes) ... ok
test_narrow_grant_matches_exact_scope (test_policy_reference.PolicyReferenceTest.test_narrow_grant_matches_exact_scope) ... ok
test_reference_does_not_mutate_facts (test_policy_reference.PolicyReferenceTest.test_reference_does_not_mutate_facts) ... ok
test_reported_confidence_does_not_change_authorization (test_policy_reference.PolicyReferenceTest.test_reported_confidence_does_not_change_authorization) ... ok
test_reviewed_gate_scenarios (test_policy_reference.PolicyReferenceTest.test_reviewed_gate_scenarios) ... ok
test_unknown_stage_is_fail_closed (test_policy_reference.PolicyReferenceTest.test_unknown_stage_is_fail_closed) ... ok
test_adopted_content_cannot_launder_lineage (test_prediction_reference.DependencyIsolationReferenceTest.test_adopted_content_cannot_launder_lineage) ... ok
test_dependency_cycle_is_rejected (test_prediction_reference.DependencyIsolationReferenceTest.test_dependency_cycle_is_rejected) ... ok
test_disabled_prediction_leaves_core_usable (test_prediction_reference.DependencyIsolationReferenceTest.test_disabled_prediction_leaves_core_usable) ... ok
test_enabled_valid_closure_can_be_eligible (test_prediction_reference.DependencyIsolationReferenceTest.test_enabled_valid_closure_can_be_eligible) ... ok
test_independent_revalidation_needs_new_node (test_prediction_reference.DependencyIsolationReferenceTest.test_independent_revalidation_needs_new_node) ... ok
test_missing_dependency_is_not_implicitly_valid (test_prediction_reference.DependencyIsolationReferenceTest.test_missing_dependency_is_not_implicitly_valid) ... ok
test_permission_closure_is_enforced (test_prediction_reference.DependencyIsolationReferenceTest.test_permission_closure_is_enforced) ... ok
test_quality_is_never_permission (test_prediction_reference.DependencyIsolationReferenceTest.test_quality_is_never_permission) ... ok
test_raw_outcome_source_is_independent (test_prediction_reference.DependencyIsolationReferenceTest.test_raw_outcome_source_is_independent) ... ok
test_stale_input_blocks_descendants (test_prediction_reference.DependencyIsolationReferenceTest.test_stale_input_blocks_descendants) ... ok
test_transitive_contributions_are_blocked (test_prediction_reference.DependencyIsolationReferenceTest.test_transitive_contributions_are_blocked) ... ok
test_after_start_is_not_prospective (test_prediction_reference.PredictionReferenceTest.test_after_start_is_not_prospective) ... ok
test_ambiguous_matching_not_scored (test_prediction_reference.PredictionReferenceTest.test_ambiguous_matching_not_scored) ... ok
test_backdated_client_cutoff_is_not_authoritative (test_prediction_reference.PredictionReferenceTest.test_backdated_client_cutoff_is_not_authoritative) ... ok
test_changed_conditions_not_scored (test_prediction_reference.PredictionReferenceTest.test_changed_conditions_not_scored) ... ok
test_conflicting_independent_outcomes (test_prediction_reference.PredictionReferenceTest.test_conflicting_independent_outcomes) ... ok
test_corrected_dependency_blocks_old_evaluation (test_prediction_reference.PredictionReferenceTest.test_corrected_dependency_blocks_old_evaluation) ... ok
test_disabled_experiment_does_not_evaluate (test_prediction_reference.PredictionReferenceTest.test_disabled_experiment_does_not_evaluate) ... ok
test_duplicates_not_extra_trials (test_prediction_reference.PredictionReferenceTest.test_duplicates_not_extra_trials) ... ok
test_evaluation_only_creates_revision_proposal (test_prediction_reference.PredictionReferenceTest.test_evaluation_only_creates_revision_proposal) ... ok
test_forecast_is_immutable (test_prediction_reference.PredictionReferenceTest.test_forecast_is_immutable) ... ok
test_future_context_is_rejected (test_prediction_reference.PredictionReferenceTest.test_future_context_is_rejected) ... ok
test_future_observation_not_scored (test_prediction_reference.PredictionReferenceTest.test_future_observation_not_scored) ... ok
test_negative_before_window_ends_is_unknown (test_prediction_reference.PredictionReferenceTest.test_negative_before_window_ends_is_unknown) ... ok
test_negative_full_window_after_end (test_prediction_reference.PredictionReferenceTest.test_negative_full_window_after_end) ... ok
test_negative_requires_full_window (test_prediction_reference.PredictionReferenceTest.test_negative_requires_full_window) ... ok
test_no_evidence_is_not_observation (test_prediction_reference.PredictionReferenceTest.test_no_evidence_is_not_observation) ... ok
test_non_observed_states_are_not_scored (test_prediction_reference.PredictionReferenceTest.test_non_observed_states_are_not_scored) ... ok
test_other_case_does_not_match (test_prediction_reference.PredictionReferenceTest.test_other_case_does_not_match) ... ok
test_positive_brier (test_prediction_reference.PredictionReferenceTest.test_positive_brier) ... ok
test_positive_end_boundary_exclusive (test_prediction_reference.PredictionReferenceTest.test_positive_end_boundary_exclusive) ... ok
test_probability_range_and_finite (test_prediction_reference.PredictionReferenceTest.test_probability_range_and_finite) ... ok
test_qualitative_is_not_numeric_probability (test_prediction_reference.PredictionReferenceTest.test_qualitative_is_not_numeric_probability) ... ok
test_replay_score_is_not_prospective_metric (test_prediction_reference.PredictionReferenceTest.test_replay_score_is_not_prospective_metric) ... ok
test_rule_cannot_be_changed_after_outcome (test_prediction_reference.PredictionReferenceTest.test_rule_cannot_be_changed_after_outcome) ... ok
test_timezone_required (test_prediction_reference.PredictionReferenceTest.test_timezone_required) ... ok
test_unobserved_is_not_failure (test_prediction_reference.PredictionReferenceTest.test_unobserved_is_not_failure) ... ok
test_valid_prospective_forecast (test_prediction_reference.PredictionReferenceTest.test_valid_prospective_forecast) ... ok
test_acceptance_and_task_tags_exist (test_v04_assets.V04AssetsTest.test_acceptance_and_task_tags_exist) ... ok
test_active_api_uses_contract_three (test_v04_assets.V04AssetsTest.test_active_api_uses_contract_three) ... ok
test_all_features_have_unique_ids_and_known_tiers (test_v04_assets.V04AssetsTest.test_all_features_have_unique_ids_and_known_tiers) ... ok
test_all_noncore_features_are_off_by_default (test_v04_assets.V04AssetsTest.test_all_noncore_features_are_off_by_default) ... ok
test_archive_matches_original_digest (test_v04_assets.V04AssetsTest.test_archive_matches_original_digest) ... ok
test_assessment_cannot_issue_authority (test_v04_assets.V04AssetsTest.test_assessment_cannot_issue_authority) ... ok
test_core_features_never_depend_on_experiments (test_v04_assets.V04AssetsTest.test_core_features_never_depend_on_experiments) ... ok
test_core_task_completion_does_not_require_prediction (test_v04_assets.V04AssetsTest.test_core_task_completion_does_not_require_prediction) ... ok
test_evaluation_does_not_mutate_schema (test_v04_assets.V04AssetsTest.test_evaluation_does_not_mutate_schema) ... ok
test_feature_dependency_graph_is_acyclic (test_v04_assets.V04AssetsTest.test_feature_dependency_graph_is_acyclic) ... ok
test_feature_enable_requires_confirmation (test_v04_assets.V04AssetsTest.test_feature_enable_requires_confirmation) ... ok
test_forecaster_cannot_supply_its_own_seal (test_v04_assets.V04AssetsTest.test_forecaster_cannot_supply_its_own_seal) ... ok
test_model_role_needs_explicit_scope (test_v04_assets.V04AssetsTest.test_model_role_needs_explicit_scope) ... ok
test_observed_outcome_requires_evidence (test_v04_assets.V04AssetsTest.test_observed_outcome_requires_evidence) ... ok
test_outcome_writer_cannot_assert_verified_matching (test_v04_assets.V04AssetsTest.test_outcome_writer_cannot_assert_verified_matching) ... ok
test_prediction_case_id_and_score_consistency (test_v04_assets.V04AssetsTest.test_prediction_case_id_and_score_consistency) ... ok
test_prediction_is_optional_accepted_and_off (test_v04_assets.V04AssetsTest.test_prediction_is_optional_accepted_and_off) ... ok
test_registry_and_api_authority_map_are_complete (test_v04_assets.V04AssetsTest.test_registry_and_api_authority_map_are_complete) ... ok
test_required_features_are_core_derived_metadata (test_v04_assets.V04AssetsTest.test_required_features_are_core_derived_metadata) ... ok
test_schema_keeps_principle_and_unclassified_roles (test_v04_assets.V04AssetsTest.test_schema_keeps_principle_and_unclassified_roles) ... ok
test_task_dependency_order_is_valid (test_v04_assets.V04AssetsTest.test_task_dependency_order_is_valid) ... ok
test_task_ids_and_read_files_are_resolvable (test_v04_assets.V04AssetsTest.test_task_ids_and_read_files_are_resolvable) ... ok
test_adoption_cannot_rewrite_payload_or_origin_in_same_version (test_w30_02_state_axes.StateAxesTest.test_adoption_cannot_rewrite_payload_or_origin_in_same_version) ... ok
test_published_wire_constraints_are_unchanged (test_w30_02_state_axes.StateAxesTest.test_published_wire_constraints_are_unchanged) ... ok
test_reference_current_state_overrides_adoption_and_confidence (test_w30_02_state_axes.StateAxesTest.test_reference_current_state_overrides_adoption_and_confidence) ... ok
test_review_examples_preserve_origin_content_and_dependencies (test_w30_02_state_axes.StateAxesTest.test_review_examples_preserve_origin_content_and_dependencies) ... ok
test_review_lifecycle_and_recording_lane_are_independent_shapes (test_w30_02_state_axes.StateAxesTest.test_review_lifecycle_and_recording_lane_are_independent_shapes) ... ok
test_schema_cases (test_w30_02_state_axes.StateAxesTest.test_schema_cases) ... ok
test_snapshot_is_version_coordinates_not_state_or_permission (test_w30_02_state_axes.StateAxesTest.test_snapshot_is_version_coordinates_not_state_or_permission) ... ok
test_unknown_and_cross_axis_enum_values_are_rejected (test_w30_02_state_axes.StateAxesTest.test_unknown_and_cross_axis_enum_values_are_rejected) ... ok
test_get_item_rejects_unadopted_response_shapes (test_w30_03_use_conditions.UseConditionsTest.test_get_item_rejects_unadopted_response_shapes) ... ok
test_grade_and_deployment_require_complete_scope (test_w30_03_use_conditions.UseConditionsTest.test_grade_and_deployment_require_complete_scope) ... ok
test_internal_route_example_and_schema_valid_laundering (test_w30_03_use_conditions.UseConditionsTest.test_internal_route_example_and_schema_valid_laundering) ... ok
test_recall_request_does_not_carry_authority (test_w30_03_use_conditions.UseConditionsTest.test_recall_request_does_not_carry_authority) ... ok
test_reference_use_boundaries (test_w30_03_use_conditions.UseConditionsTest.test_reference_use_boundaries) ... ok
test_stage_and_adoption_matrix_for_live_internal_recall (test_w30_03_use_conditions.UseConditionsTest.test_stage_and_adoption_matrix_for_live_internal_recall) ... ok
test_actor_mapping_is_forward_and_identity_bound (test_w30_04_authority_boundary.AuthorityBoundaryTest.test_actor_mapping_is_forward_and_identity_bound) ... ok
test_all_compound_requirements_must_be_present (test_w30_04_authority_boundary.AuthorityBoundaryTest.test_all_compound_requirements_must_be_present) ... ok
test_caller_cannot_be_taken_from_json (test_w30_04_authority_boundary.AuthorityBoundaryTest.test_caller_cannot_be_taken_from_json) ... ok
test_candidate_rejects_authority_self_reports (test_w30_04_authority_boundary.AuthorityBoundaryTest.test_candidate_rejects_authority_self_reports) ... ok
test_reference_model_cannot_adopt_even_with_claimed_confidence (test_w30_04_authority_boundary.AuthorityBoundaryTest.test_reference_model_cannot_adopt_even_with_claimed_confidence) ... ok
test_schema_and_independent_types (test_w30_04_authority_boundary.AuthorityBoundaryTest.test_schema_and_independent_types) ... ok
test_complete_audit_and_explicit_mapping_gaps (test_w30_05_mapping.MappingTest.test_complete_audit_and_explicit_mapping_gaps) ... ok
test_csv_json_markdown_all_columns (test_w30_05_mapping.MappingTest.test_csv_json_markdown_all_columns) ... ok
test_legacy_bypass_candidates_are_detected_without_app_import (test_w30_05_mapping.MappingTest.test_legacy_bypass_candidates_are_detected_without_app_import) ... ok
test_non_delegable_and_unknown_operations (test_w30_05_mapping.MappingTest.test_non_delegable_and_unknown_operations) ... ok
test_explicit_conversion_is_repeatable_and_preserves_all_content (test_w30_06_migration.MigrationTest.test_explicit_conversion_is_repeatable_and_preserves_all_content) ... ok
test_legacy_approval_and_share_level_are_not_new_grants (test_w30_06_migration.MigrationTest.test_legacy_approval_and_share_level_are_not_new_grants) ... ok
test_reverse_conversion_and_restored_erased_use_are_rejected (test_w30_06_migration.MigrationTest.test_reverse_conversion_and_restored_erased_use_are_rejected) ... ok
test_unknown_dependency_is_not_empty_non_dependency (test_w30_06_migration.MigrationTest.test_unknown_dependency_is_not_empty_non_dependency) ... ok
test_v2_and_forged_v3_require_explicit_provenance (test_w30_06_migration.MigrationTest.test_v2_and_forged_v3_require_explicit_provenance) ... ok

----------------------------------------------------------------------
Ran 114 tests in 2.371s

OK
